  console.warn
    ΓÜá∩╕Å  Email service not configured. Set EMAIL_USER and EMAIL_PASSWORD in .env

    [0m [90m 18 |[39m     })[33m;[39m
     [90m 19 |[39m } [36melse[39m {
    [31m[1m>[22m[39m[90m 20 |[39m     console[33m.[39mwarn([32m'ΓÜá∩╕Å  Email service not configured. Set EMAIL_USER and EMAIL_PASSWORD in .env'[39m)[33m;[39m
     [90m    |[39m             [31m[1m^[22m[39m
     [90m 21 |[39m }
     [90m 22 |[39m
     [90m 23 |[39m [90m/**[39m[0m

      at src/services/email.service.js:20:13

node : (node:22352) ExperimentalWarning: VM Modules is 
an experimental feature and might change at any time
At line:1 char:1
+ node --experimental-vm-modules 
node_modules/jest/bin/jest.js src/__te ...
+ ~~~~~~~~~~~~~~~~~~~~~~~~~~~~~~~~~~~~~~~~~~~~~~~~~~~~~
~~~~~~~~~~~~~~~~
    + CategoryInfo          : NotSpecified: ((node:223 
   52) Ex...nge at any time:String) [], RemoteExcepti  
  on
    + FullyQualifiedErrorId : NativeCommandError
 
(Use `node --trace-warnings ...` to show where the 
warning was created)
(node:22352) [MONGOOSE] Warning: Duplicate schema 
index on {"name":1} found. This is often due to 
declaring an index using both "index: true" and 
"schema.index()". Please remove the duplicate index 
definition.
  console.log
    Connected to test database

      at Object.<anonymous> (src/__tests__/setup.js:17:13)

  console.log
    Disconnected from test database

      at Object.<anonymous> (src/__tests__/setup.js:31:13)

FAIL src/__tests__/complaints.test.js
  Complaint Creation Tests
    POST /api/complaints - Valid Complaint Creation
      ├ù should create a complaint with all required 
data (250 ms)
      ├ù should create a complaint and persist it in 
database (36 ms)
    POST /api/complaints - Validation Tests
      ├ù should reject complaint without location 
coordinates (28 ms)
      ├ù should reject complaint without category (22 
ms)
      ├ù should reject complaint without description 
(30 ms)

  ΓùÅ Complaint Creation Tests ΓÇ║ POST 
/api/complaints - Valid Complaint Creation ΓÇ║ should 
create a complaint with all required data

    TypeError: Cannot read properties of undefined 
(reading '_id')

    [0m [90m 54 |[39m
     [90m 55 |[39m         authToken [33m=[39m 
response[33m.[39mbody[33m.[39mtoken[33m;[39m
    [31m[1m>[22m[39m[90m 56 |[39m         userId 
[33m=[39m response[33m.[39mbody[33m.[39muser[33m
.[39m_id[33m;[39m
     [90m    |[39m                                   
  [31m[1m^[22m[39m
     [90m 57 |[39m     })[33m;[39m
     [90m 58 |[39m
     [90m 59 |[39m     describe([32m'POST 
/api/complaints - Valid Complaint 
Creation'[39m[33m,[39m () [33m=>[39m {[0m

      at Object.<anonymous> 
(src/__tests__/complaints.test.js:56:37)

  ΓùÅ Complaint Creation Tests ΓÇ║ POST 
/api/complaints - Valid Complaint Creation ΓÇ║ should 
create a complaint and persist it in database

    TypeError: Cannot read properties of undefined 
(reading '_id')

    [0m [90m 54 |[39m
     [90m 55 |[39m         authToken [33m=[39m 
response[33m.[39mbody[33m.[39mtoken[33m;[39m
    [31m[1m>[22m[39m[90m 56 |[39m         userId 
[33m=[39m response[33m.[39mbody[33m.[39muser[33m
.[39m_id[33m;[39m
     [90m    |[39m                                   
  [31m[1m^[22m[39m
     [90m 57 |[39m     })[33m;[39m
     [90m 58 |[39m
     [90m 59 |[39m     describe([32m'POST 
/api/complaints - Valid Complaint 
Creation'[39m[33m,[39m () [33m=>[39m {[0m

      at Object.<anonymous> 
(src/__tests__/complaints.test.js:56:37)

  ΓùÅ Complaint Creation Tests ΓÇ║ POST 
/api/complaints - Validation Tests ΓÇ║ should reject 
complaint without location coordinates

    TypeError: Cannot read properties of undefined 
(reading '_id')

    [0m [90m 54 |[39m
     [90m 55 |[39m         authToken [33m=[39m 
response[33m.[39mbody[33m.[39mtoken[33m;[39m
    [31m[1m>[22m[39m[90m 56 |[39m         userId 
[33m=[39m response[33m.[39mbody[33m.[39muser[33m
.[39m_id[33m;[39m
     [90m    |[39m                                   
  [31m[1m^[22m[39m
     [90m 57 |[39m     })[33m;[39m
     [90m 58 |[39m
     [90m 59 |[39m     describe([32m'POST 
/api/complaints - Valid Complaint 
Creation'[39m[33m,[39m () [33m=>[39m {[0m

      at Object.<anonymous> 
(src/__tests__/complaints.test.js:56:37)

  ΓùÅ Complaint Creation Tests ΓÇ║ POST 
/api/complaints - Validation Tests ΓÇ║ should reject 
complaint without category

    TypeError: Cannot read properties of undefined 
(reading '_id')

    [0m [90m 54 |[39m
     [90m 55 |[39m         authToken [33m=[39m 
response[33m.[39mbody[33m.[39mtoken[33m;[39m
    [31m[1m>[22m[39m[90m 56 |[39m         userId 
[33m=[39m response[33m.[39mbody[33m.[39muser[33m
.[39m_id[33m;[39m
     [90m    |[39m                                   
  [31m[1m^[22m[39m
     [90m 57 |[39m     })[33m;[39m
     [90m 58 |[39m
     [90m 59 |[39m     describe([32m'POST 
/api/complaints - Valid Complaint 
Creation'[39m[33m,[39m () [33m=>[39m {[0m

      at Object.<anonymous> 
(src/__tests__/complaints.test.js:56:37)

  ΓùÅ Complaint Creation Tests ΓÇ║ POST 
/api/complaints - Validation Tests ΓÇ║ should reject 
complaint without description

    TypeError: Cannot read properties of undefined 
(reading '_id')

    [0m [90m 54 |[39m
     [90m 55 |[39m         authToken [33m=[39m 
response[33m.[39mbody[33m.[39mtoken[33m;[39m
    [31m[1m>[22m[39m[90m 56 |[39m         userId 
[33m=[39m response[33m.[39mbody[33m.[39muser[33m
.[39m_id[33m;[39m
     [90m    |[39m                                   
  [31m[1m^[22m[39m
     [90m 57 |[39m     })[33m;[39m
     [90m 58 |[39m
     [90m 59 |[39m     describe([32m'POST 
/api/complaints - Valid Complaint 
Creation'[39m[33m,[39m () [33m=>[39m {[0m

      at Object.<anonymous> 
(src/__tests__/complaints.test.js:56:37)

Test Suites: 1 failed, 1 total
Tests:       5 failed, 5 total
Snapshots:   0 total
Time:        3.803 s
Ran all test suites matching 
/src\\__tests__\\complaints.test.js/i.
